Session time: 09:40:07
Task time:    03:53:33
Task:         Project 2/Task X
Timer is      running
